---
source: tests/compgen.rs
expression: output
---
RUN
cmd_option_notations --opt2

STDOUT
--opt1

STDERR


