---
source: tests/compgen.rs
assertion_line: 38
expression: output
---
RUN
prog a

STDOUT


STDERR


