---
source: tests/compgen.rs
expression: data
---
************ COMPGEN `prog --oa` ************
--oa	/color:cyan,bold
--oa-file	/color:cyan,bold


