---
source: tests/spec.rs
expression: data
---
************ RUN ************
prog cmda

OUTPUT
argc__args=(  )
argc__fn=cmda
cmda

************ RUN ************
prog cmda -a

OUTPUT
argc_a=1
argc__args=(  )
argc__fn=cmda
cmda

************ RUN ************
prog cmda -f -f

OUTPUT
argc_fb=2
argc__args=(  )
argc__fn=cmda
cmda

************ RUN ************
prog cmda -e e

OUTPUT
argc_e=e
argc__args=(  )
argc__fn=cmda
cmda

************ RUN ************
prog cmda --oa oa

OUTPUT
argc_oa=oa
argc__args=(  )
argc__fn=cmda
cmda

************ RUN ************
prog cmda --ob ob1 --ob ob2

OUTPUT
argc_ob=( ob1 ob2 )
argc__args=(  )
argc__fn=cmda
cmda

************ RUN ************
prog cmda --ob ob1 ob2

OUTPUT
argc_ob=( ob1 ob2 )
argc__args=(  )
argc__fn=cmda
cmda

************ RUN ************
prog cmda -o ob1 ob2

OUTPUT
argc_od=( ob1 ob2 )
argc__args=(  )
argc__fn=cmda
cmda

************ RUN ************
prog cmda --cc abc

OUTPUT
argc_cc=abc
argc__args=(  )
argc__fn=cmda
cmda

************ RUN ************
prog cmda -soa soa

OUTPUT
argc_soa=soa
argc__args=(  )
argc__fn=cmda
cmda

************ RUN ************
prog cmda --ob a b --ob c

OUTPUT
argc_ob=( a b c )
argc__args=(  )
argc__fn=cmda
cmda

************ RUN ************
prog cmdc

OUTPUT
argc_oe=val
argc_of=`_default_fn`
argc_cb=x
argc__args=(  )
argc__fn=cmdc
cmdc

************ RUN ************
prog cmdc --oe oe

OUTPUT
argc_oe=oe
argc_of=`_default_fn`
argc_cb=x
argc__args=(  )
argc__fn=cmdc
cmdc

************ RUN ************
prog cmdc --of of

OUTPUT
argc_oe=val
argc_of=of
argc_cb=x
argc__args=(  )
argc__fn=cmdc
cmdc

************ RUN ************
prog cmdc --cb y

OUTPUT
argc_oe=val
argc_of=`_default_fn`
argc_cb=y
argc__args=(  )
argc__fn=cmdc
cmdc


