---
source: tests/compgen.rs
expression: output
---
RUN
cmd_option_names --opt7 a

STDOUT
a b c

STDERR


