---
source: tests/compgen.rs
expression: data
---
************ COMPGEN `prog ` ************
abc 
ab 
help 


