---
source: tests/help_tag_test.rs
assertion_line: 17
expression: output
---
RUN
prog

STDOUT


STDERR
USAGE: prog <COMMAND>

OPTIONS:
  -h, --help  Print help information

COMMANDS:
  help  Print help information
  cmd


