---
source: tests/compgen.rs
expression: data
---
************ COMPGEN `prog  --oa ` ************
abc
def
ghi

************ COMPGEN `prog  --ob ` ************
x
y
z

************ COMPGEN `prog  ` ************
--oa
--ob
x
y
z

************ COMPGEN `prog  v1 ` ************
--oa
--ob
abc
def
ghi


