---
source: tests/spec_test.rs
assertion_line: 35
expression: output
---
RUN
spec cmd_flag_formats -h

STDOUT


STDERR
All kind of flags

USAGE: spec cmd_flag_formats [OPTIONS]

OPTIONS:
      --foo1  
  -a, --foo2  
      --foo3  With description
  -b, --foo4  With description
  -h, --help  Print help information


