---
source: tests/compgen.rs
expression: output
---
RUN
cmd_option_notations --opt2 foo 

STDOUT
__argc_comp:file

STDERR


