---
source: tests/hook_fn.rs
expression: data
---
RUN
prog

# OUTPUT
argc__args=( prog )
argc__positionals=(  )
_argc_before

# BUILD_OUTPUT
before


