---
source: tests/compgen.rs
expression: data
---
************ COMPGEN `prog cmd a\b ` ************
a\b


