---
source: tests/param_fn_test.rs
expression: output
---
RUN
spec _fn_bars

OUTPUT
argc__line=''
argc__words=(  )
_fn_bars;exit;

