---
source: tests/spec_test.rs
expression: output
---
RUN
spec cmd_option_notations -h

STDOUT


STDERR
Option with value notations

USAGE: spec cmd_option_notations [OPTIONS]

OPTIONS:
      --opt1 <DIR>         
      --opt2 <DIR> <FILE>  
  -h, --help               Print help


