---
source: tests/spec.rs
expression: data
---
************ RUN ************
prog --oa

OUTPUT
argc_oa=1
argc__args=( prog --oa )
argc__cmd_arg_index=0
argc__positionals=(  )

************ RUN ************
prog --oa v1

OUTPUT
argc_oa=v1
argc__args=( prog --oa v1 )
argc__cmd_arg_index=0
argc__positionals=(  )


